------------------------------------------------------------
Timing Analyzer Summary
------------------------------------------------------------

Type  : Slow 1200mV 85C Model Setup 'ENET0_RX_CLK'
Slack : -4.349
TNS   : -640.465

Type  : Slow 1200mV 85C Model Setup 'pll2|altpll_component|auto_generated|pll1|clk[0]'
Slack : -2.409
TNS   : -37.373

Type  : Slow 1200mV 85C Model Setup 'pll0|altpll_component|auto_generated|pll1|clk[0]'
Slack : 139.893
TNS   : 0.000

Type  : Slow 1200mV 85C Model Hold 'pll2|altpll_component|auto_generated|pll1|clk[0]'
Slack : 0.288
TNS   : 0.000

Type  : Slow 1200mV 85C Model Hold 'ENET0_RX_CLK'
Slack : 0.337
TNS   : 0.000

Type  : Slow 1200mV 85C Model Hold 'pll0|altpll_component|auto_generated|pll1|clk[0]'
Slack : 0.403
TNS   : 0.000

Type  : Slow 1200mV 85C Model Recovery 'pll2|altpll_component|auto_generated|pll1|clk[0]'
Slack : -2.933
TNS   : -8.799

Type  : Slow 1200mV 85C Model Recovery 'ENET0_RX_CLK'
Slack : -0.835
TNS   : -2.505

Type  : Slow 1200mV 85C Model Removal 'ENET0_RX_CLK'
Slack : 1.371
TNS   : 0.000

Type  : Slow 1200mV 85C Model Removal 'pll2|altpll_component|auto_generated|pll1|clk[0]'
Slack : 1.777
TNS   : 0.000

Type  : Slow 1200mV 85C Model Minimum Pulse Width 'ENET0_RX_CLK'
Slack : -3.000
TNS   : -345.370

Type  : Slow 1200mV 85C Model Minimum Pulse Width 'pll2|altpll_component|auto_generated|pll1|clk[0]'
Slack : 3.699
TNS   : 0.000

Type  : Slow 1200mV 85C Model Minimum Pulse Width 'CLOCK_50'
Slack : 9.813
TNS   : 0.000

Type  : Slow 1200mV 85C Model Minimum Pulse Width 'pll0|altpll_component|auto_generated|pll1|clk[0]'
Slack : 79.145
TNS   : 0.000

Type  : Slow 1200mV 0C Model Setup 'ENET0_RX_CLK'
Slack : -3.897
TNS   : -565.574

Type  : Slow 1200mV 0C Model Setup 'pll2|altpll_component|auto_generated|pll1|clk[0]'
Slack : -2.029
TNS   : -31.401

Type  : Slow 1200mV 0C Model Setup 'pll0|altpll_component|auto_generated|pll1|clk[0]'
Slack : 141.673
TNS   : 0.000

Type  : Slow 1200mV 0C Model Hold 'pll2|altpll_component|auto_generated|pll1|clk[0]'
Slack : 0.302
TNS   : 0.000

Type  : Slow 1200mV 0C Model Hold 'ENET0_RX_CLK'
Slack : 0.338
TNS   : 0.000

Type  : Slow 1200mV 0C Model Hold 'pll0|altpll_component|auto_generated|pll1|clk[0]'
Slack : 0.354
TNS   : 0.000

Type  : Slow 1200mV 0C Model Recovery 'pll2|altpll_component|auto_generated|pll1|clk[0]'
Slack : -2.502
TNS   : -7.506

Type  : Slow 1200mV 0C Model Recovery 'ENET0_RX_CLK'
Slack : -0.659
TNS   : -1.977

Type  : Slow 1200mV 0C Model Removal 'ENET0_RX_CLK'
Slack : 1.239
TNS   : 0.000

Type  : Slow 1200mV 0C Model Removal 'pll2|altpll_component|auto_generated|pll1|clk[0]'
Slack : 1.622
TNS   : 0.000

Type  : Slow 1200mV 0C Model Minimum Pulse Width 'ENET0_RX_CLK'
Slack : -3.000
TNS   : -344.710

Type  : Slow 1200mV 0C Model Minimum Pulse Width 'pll2|altpll_component|auto_generated|pll1|clk[0]'
Slack : 3.685
TNS   : 0.000

Type  : Slow 1200mV 0C Model Minimum Pulse Width 'CLOCK_50'
Slack : 9.791
TNS   : 0.000

Type  : Slow 1200mV 0C Model Minimum Pulse Width 'pll0|altpll_component|auto_generated|pll1|clk[0]'
Slack : 79.150
TNS   : 0.000

Type  : Fast 1200mV 0C Model Setup 'ENET0_RX_CLK'
Slack : -1.606
TNS   : -209.941

Type  : Fast 1200mV 0C Model Setup 'pll2|altpll_component|auto_generated|pll1|clk[0]'
Slack : -0.878
TNS   : -13.496

Type  : Fast 1200mV 0C Model Setup 'pll0|altpll_component|auto_generated|pll1|clk[0]'
Slack : 149.532
TNS   : 0.000

Type  : Fast 1200mV 0C Model Hold 'pll2|altpll_component|auto_generated|pll1|clk[0]'
Slack : 0.107
TNS   : 0.000

Type  : Fast 1200mV 0C Model Hold 'ENET0_RX_CLK'
Slack : 0.138
TNS   : 0.000

Type  : Fast 1200mV 0C Model Hold 'pll0|altpll_component|auto_generated|pll1|clk[0]'
Slack : 0.182
TNS   : 0.000

Type  : Fast 1200mV 0C Model Recovery 'pll2|altpll_component|auto_generated|pll1|clk[0]'
Slack : -1.141
TNS   : -3.423

Type  : Fast 1200mV 0C Model Recovery 'ENET0_RX_CLK'
Slack : 0.101
TNS   : 0.000

Type  : Fast 1200mV 0C Model Removal 'ENET0_RX_CLK'
Slack : 0.664
TNS   : 0.000

Type  : Fast 1200mV 0C Model Removal 'pll2|altpll_component|auto_generated|pll1|clk[0]'
Slack : 0.852
TNS   : 0.000

Type  : Fast 1200mV 0C Model Minimum Pulse Width 'ENET0_RX_CLK'
Slack : -3.000
TNS   : -268.822

Type  : Fast 1200mV 0C Model Minimum Pulse Width 'pll2|altpll_component|auto_generated|pll1|clk[0]'
Slack : 3.758
TNS   : 0.000

Type  : Fast 1200mV 0C Model Minimum Pulse Width 'CLOCK_50'
Slack : 9.400
TNS   : 0.000

Type  : Fast 1200mV 0C Model Minimum Pulse Width 'pll0|altpll_component|auto_generated|pll1|clk[0]'
Slack : 79.194
TNS   : 0.000

------------------------------------------------------------
